2026-07-26 16:56:00,452 [INFO] Starting bot in PAPER mode
2026-07-26 16:56:01,113 [INFO] [31m[1mWARNING: This is a development server. Do not use it in a production deployment. Use a production WSGI server instead.[0m
 * Running on http://127.0.0.1:5000
2026-07-26 16:56:01,113 [INFO] [33mPress CTRL+C to quit[0m
2026-07-26 16:56:39,373 [ERROR] Exception on / [GET]
Traceback (most recent call last):
  File "C:\Users\mmv6285\Documents\kite-algo-trader\.venv\Lib\site-packages\urllib3\connectionpool.py", line 464, in _make_request
    self._validate_conn(conn)
    ~~~~~~~~~~~~~~~~~~~^^^^^^
  File "C:\Users\mmv6285\Documents\kite-algo-trader\.venv\Lib\site-packages\urllib3\connectionpool.py", line 1106, in _validate_conn
    conn.connect()
    ~~~~~~~~~~~~^^
  File "C:\Users\mmv6285\Documents\kite-algo-trader\.venv\Lib\site-packages\urllib3\connection.py", line 796, in connect
    sock_and_verified = _ssl_wrap_socket_and_match_hostname(
        sock=sock,
    ...<14 lines>...
        assert_fingerprint=self.assert_fingerprint,
    )
  File "C:\Users\mmv6285\Documents\kite-algo-trader\.venv\Lib\site-packages\urllib3\connection.py", line 975, in _ssl_wrap_socket_and_match_hostname
    ssl_sock = ssl_wrap_socket(
        sock=sock,
    ...<8 lines>...
        tls_in_tls=tls_in_tls,
    )
  File "C:\Users\mmv6285\Documents\kite-algo-trader\.venv\Lib\site-packages\urllib3\util\ssl_.py", line 433, in ssl_wrap_socket
    ssl_sock = _ssl_wrap_socket_impl(sock, context, tls_in_tls, server_hostname)
  File "C:\Users\mmv6285\Documents\kite-algo-trader\.venv\Lib\site-packages\urllib3\util\ssl_.py", line 477, in _ssl_wrap_socket_impl
    return ssl_context.wrap_socket(sock, server_hostname=server_hostname)
           ~~~~~~~~~~~~~~~~~~~~~~~^^^^^^^^^^^^^^^^^^^^^^^^^^^^^^^^^^^^^^^
  File "C:\Users\mmv6285\AppData\Roaming\uv\python\cpython-3.14-windows-x86_64-none\Lib\ssl.py", line 455, in wrap_socket
    return self.sslsocket_class._create(
           ~~~~~~~~~~~~~~~~~~~~~~~~~~~~^
        sock=sock,
        ^^^^^^^^^^
    ...<5 lines>...
        session=session
        ^^^^^^^^^^^^^^^
    )
    ^
  File "C:\Users\mmv6285\AppData\Roaming\uv\python\cpython-3.14-windows-x86_64-none\Lib\ssl.py", line 1076, in _create
    self.do_handshake()
    ~~~~~~~~~~~~~~~~~^^
  File "C:\Users\mmv6285\AppData\Roaming\uv\python\cpython-3.14-windows-x86_64-none\Lib\ssl.py", line 1372, in do_handshake
    self._sslobj.do_handshake()
    ~~~~~~~~~~~~~~~~~~~~~~~~~^^
ssl.SSLEOFError: [SSL: UNEXPECTED_EOF_WHILE_READING] EOF occurred in violation of protocol (_ssl.c:1082)

During handling of the above exception, another exception occurred:

Traceback (most recent call last):
  File "C:\Users\mmv6285\Documents\kite-algo-trader\.venv\Lib\site-packages\urllib3\connectionpool.py", line 788, in urlopen
    response = self._make_request(
        conn,
    ...<10 lines>...
        **response_kw,
    )
  File "C:\Users\mmv6285\Documents\kite-algo-trader\.venv\Lib\site-packages\urllib3\connectionpool.py", line 488, in _make_request
    raise new_e
urllib3.exceptions.SSLError: [SSL: UNEXPECTED_EOF_WHILE_READING] EOF occurred in violation of protocol (_ssl.c:1082)

The above exception was the direct cause of the following exception:

Traceback (most recent call last):
  File "C:\Users\mmv6285\Documents\kite-algo-trader\.venv\Lib\site-packages\requests\adapters.py", line 667, in send
    resp = conn.urlopen(
        method=request.method,
    ...<9 lines>...
        chunked=chunked,
    )
  File "C:\Users\mmv6285\Documents\kite-algo-trader\.venv\Lib\site-packages\urllib3\connectionpool.py", line 842, in urlopen
    retries = retries.increment(
        method, url, error=new_e, _pool=self, _stacktrace=sys.exc_info()[2]
    )
  File "C:\Users\mmv6285\Documents\kite-algo-trader\.venv\Lib\site-packages\urllib3\util\retry.py", line 543, in increment
    raise MaxRetryError(_pool, url, reason) from reason  # type: ignore[arg-type]
    ^^^^^^^^^^^^^^^^^^^^^^^^^^^^^^^^^^^^^^^^^^^^^^^^^^^
urllib3.exceptions.MaxRetryError: HTTPSConnectionPool(host='api.kite.trade', port=443): Max retries exceeded with url: /session/token (Caused by SSLError(SSLEOFError(8, '[SSL: UNEXPECTED_EOF_WHILE_READING] EOF occurred in violation of protocol (_ssl.c:1082)')))

During handling of the above exception, another exception occurred:

Traceback (most recent call last):
  File "C:\Users\mmv6285\Documents\kite-algo-trader\.venv\Lib\site-packages\flask\app.py", line 1473, in wsgi_app
    response = self.full_dispatch_request()
  File "C:\Users\mmv6285\Documents\kite-algo-trader\.venv\Lib\site-packages\flask\app.py", line 882, in full_dispatch_request
    rv = self.handle_user_exception(e)
  File "C:\Users\mmv6285\Documents\kite-algo-trader\.venv\Lib\site-packages\flask\app.py", line 880, in full_dispatch_request
    rv = self.dispatch_request()
  File "C:\Users\mmv6285\Documents\kite-algo-trader\.venv\Lib\site-packages\flask\app.py", line 865, in dispatch_request
    return self.ensure_sync(self.view_functions[rule.endpoint])(**view_args)  # type: ignore[no-any-return]
           ~~~~~~~~~~~~~~~~~~~~~~~~~~~~~~~~~~~~~~~~~~~~~~~~~~~~^^^^^^^^^^^^^
  File "C:\Users\mmv6285\Documents\kite-algo-trader\auth.py", line 50, in _callback
    data = kite.generate_session(request_token, api_secret=API_SECRET)
  File "C:\Users\mmv6285\Documents\kite-algo-trader\.venv\Lib\site-packages\kiteconnect\connect.py", line 263, in generate_session
    resp = self._post("api.token", params={
        "api_key": self.api_key,
        "request_token": request_token,
        "checksum": checksum
    })
  File "C:\Users\mmv6285\Documents\kite-algo-trader\.venv\Lib\site-packages\kiteconnect\connect.py", line 865, in _post
    return self._request(route, "POST", url_args=url_args, params=params, is_json=is_json, query_params=query_params)
           ~~~~~~~~~~~~~^^^^^^^^^^^^^^^^^^^^^^^^^^^^^^^^^^^^^^^^^^^^^^^^^^^^^^^^^^^^^^^^^^^^^^^^^^^^^^^^^^^^^^^^^^^^^
  File "C:\Users\mmv6285\Documents\kite-algo-trader\.venv\Lib\site-packages\kiteconnect\connect.py", line 916, in _request
    raise e
  File "C:\Users\mmv6285\Documents\kite-algo-trader\.venv\Lib\site-packages\kiteconnect\connect.py", line 904, in _request
    r = self.reqsession.request(method,
                                url,
    ...<6 lines>...
                                timeout=self.timeout,
                                proxies=self.proxies)
  File "C:\Users\mmv6285\Documents\kite-algo-trader\.venv\Lib\site-packages\requests\sessions.py", line 589, in request
    resp = self.send(prep, **send_kwargs)
  File "C:\Users\mmv6285\Documents\kite-algo-trader\.venv\Lib\site-packages\requests\sessions.py", line 703, in send
    r = adapter.send(request, **kwargs)
  File "C:\Users\mmv6285\Documents\kite-algo-trader\.venv\Lib\site-packages\requests\adapters.py", line 698, in send
    raise SSLError(e, request=request)
requests.exceptions.SSLError: HTTPSConnectionPool(host='api.kite.trade', port=443): Max retries exceeded with url: /session/token (Caused by SSLError(SSLEOFError(8, '[SSL: UNEXPECTED_EOF_WHILE_READING] EOF occurred in violation of protocol (_ssl.c:1082)')))
2026-07-26 16:56:39,396 [INFO] 127.0.0.1 - - [26/Jul/2026 16:56:39] "[35m[1mGET /?action=login&type=login&status=success&request_token=RmTZ4K8bTufn0qOzqnhrh6Mxw5HFQwIb HTTP/1.1[0m" 500 -
2026-07-26 16:56:40,321 [INFO] 127.0.0.1 - - [26/Jul/2026 16:56:40] "[33mGET /favicon.ico HTTP/1.1[0m" 404 -
2026-07-26 16:58:23,108 [INFO] Starting bot in PAPER mode
2026-07-26 16:58:23,775 [INFO] [31m[1mWARNING: This is a development server. Do not use it in a production deployment. Use a production WSGI server instead.[0m
 * Running on http://127.0.0.1:5000
2026-07-26 16:58:23,775 [INFO] [33mPress CTRL+C to quit[0m
2026-07-26 16:58:24,176 [ERROR] Exception on / [GET]
Traceback (most recent call last):
  File "C:\Users\mmv6285\Documents\kite-algo-trader\.venv\Lib\site-packages\urllib3\connectionpool.py", line 464, in _make_request
    self._validate_conn(conn)
    ~~~~~~~~~~~~~~~~~~~^^^^^^
  File "C:\Users\mmv6285\Documents\kite-algo-trader\.venv\Lib\site-packages\urllib3\connectionpool.py", line 1106, in _validate_conn
    conn.connect()
    ~~~~~~~~~~~~^^
  File "C:\Users\mmv6285\Documents\kite-algo-trader\.venv\Lib\site-packages\urllib3\connection.py", line 796, in connect
    sock_and_verified = _ssl_wrap_socket_and_match_hostname(
        sock=sock,
    ...<14 lines>...
        assert_fingerprint=self.assert_fingerprint,
    )
  File "C:\Users\mmv6285\Documents\kite-algo-trader\.venv\Lib\site-packages\urllib3\connection.py", line 975, in _ssl_wrap_socket_and_match_hostname
    ssl_sock = ssl_wrap_socket(
        sock=sock,
    ...<8 lines>...
        tls_in_tls=tls_in_tls,
    )
  File "C:\Users\mmv6285\Documents\kite-algo-trader\.venv\Lib\site-packages\urllib3\util\ssl_.py", line 433, in ssl_wrap_socket
    ssl_sock = _ssl_wrap_socket_impl(sock, context, tls_in_tls, server_hostname)
  File "C:\Users\mmv6285\Documents\kite-algo-trader\.venv\Lib\site-packages\urllib3\util\ssl_.py", line 477, in _ssl_wrap_socket_impl
    return ssl_context.wrap_socket(sock, server_hostname=server_hostname)
           ~~~~~~~~~~~~~~~~~~~~~~~^^^^^^^^^^^^^^^^^^^^^^^^^^^^^^^^^^^^^^^
  File "C:\Users\mmv6285\AppData\Roaming\uv\python\cpython-3.14-windows-x86_64-none\Lib\ssl.py", line 455, in wrap_socket
    return self.sslsocket_class._create(
           ~~~~~~~~~~~~~~~~~~~~~~~~~~~~^
        sock=sock,
        ^^^^^^^^^^
    ...<5 lines>...
        session=session
        ^^^^^^^^^^^^^^^
    )
    ^
  File "C:\Users\mmv6285\AppData\Roaming\uv\python\cpython-3.14-windows-x86_64-none\Lib\ssl.py", line 1076, in _create
    self.do_handshake()
    ~~~~~~~~~~~~~~~~~^^
  File "C:\Users\mmv6285\AppData\Roaming\uv\python\cpython-3.14-windows-x86_64-none\Lib\ssl.py", line 1372, in do_handshake
    self._sslobj.do_handshake()
    ~~~~~~~~~~~~~~~~~~~~~~~~~^^
ssl.SSLEOFError: [SSL: UNEXPECTED_EOF_WHILE_READING] EOF occurred in violation of protocol (_ssl.c:1082)

During handling of the above exception, another exception occurred:

Traceback (most recent call last):
  File "C:\Users\mmv6285\Documents\kite-algo-trader\.venv\Lib\site-packages\urllib3\connectionpool.py", line 788, in urlopen
    response = self._make_request(
        conn,
    ...<10 lines>...
        **response_kw,
    )
  File "C:\Users\mmv6285\Documents\kite-algo-trader\.venv\Lib\site-packages\urllib3\connectionpool.py", line 488, in _make_request
    raise new_e
urllib3.exceptions.SSLError: [SSL: UNEXPECTED_EOF_WHILE_READING] EOF occurred in violation of protocol (_ssl.c:1082)

The above exception was the direct cause of the following exception:

Traceback (most recent call last):
  File "C:\Users\mmv6285\Documents\kite-algo-trader\.venv\Lib\site-packages\requests\adapters.py", line 667, in send
    resp = conn.urlopen(
        method=request.method,
    ...<9 lines>...
        chunked=chunked,
    )
  File "C:\Users\mmv6285\Documents\kite-algo-trader\.venv\Lib\site-packages\urllib3\connectionpool.py", line 842, in urlopen
    retries = retries.increment(
        method, url, error=new_e, _pool=self, _stacktrace=sys.exc_info()[2]
    )
  File "C:\Users\mmv6285\Documents\kite-algo-trader\.venv\Lib\site-packages\urllib3\util\retry.py", line 543, in increment
    raise MaxRetryError(_pool, url, reason) from reason  # type: ignore[arg-type]
    ^^^^^^^^^^^^^^^^^^^^^^^^^^^^^^^^^^^^^^^^^^^^^^^^^^^
urllib3.exceptions.MaxRetryError: HTTPSConnectionPool(host='api.kite.trade', port=443): Max retries exceeded with url: /session/token (Caused by SSLError(SSLEOFError(8, '[SSL: UNEXPECTED_EOF_WHILE_READING] EOF occurred in violation of protocol (_ssl.c:1082)')))

During handling of the above exception, another exception occurred:

Traceback (most recent call last):
  File "C:\Users\mmv6285\Documents\kite-algo-trader\.venv\Lib\site-packages\flask\app.py", line 1473, in wsgi_app
    response = self.full_dispatch_request()
  File "C:\Users\mmv6285\Documents\kite-algo-trader\.venv\Lib\site-packages\flask\app.py", line 882, in full_dispatch_request
    rv = self.handle_user_exception(e)
  File "C:\Users\mmv6285\Documents\kite-algo-trader\.venv\Lib\site-packages\flask\app.py", line 880, in full_dispatch_request
    rv = self.dispatch_request()
  File "C:\Users\mmv6285\Documents\kite-algo-trader\.venv\Lib\site-packages\flask\app.py", line 865, in dispatch_request
    return self.ensure_sync(self.view_functions[rule.endpoint])(**view_args)  # type: ignore[no-any-return]
           ~~~~~~~~~~~~~~~~~~~~~~~~~~~~~~~~~~~~~~~~~~~~~~~~~~~~^^^^^^^^^^^^^
  File "C:\Users\mmv6285\Documents\kite-algo-trader\auth.py", line 63, in _callback
    data = kite.generate_session(request_token, api_secret=API_SECRET)
  File "C:\Users\mmv6285\Documents\kite-algo-trader\.venv\Lib\site-packages\kiteconnect\connect.py", line 263, in generate_session
    resp = self._post("api.token", params={
        "api_key": self.api_key,
        "request_token": request_token,
        "checksum": checksum
    })
  File "C:\Users\mmv6285\Documents\kite-algo-trader\.venv\Lib\site-packages\kiteconnect\connect.py", line 865, in _post
    return self._request(route, "POST", url_args=url_args, params=params, is_json=is_json, query_params=query_params)
           ~~~~~~~~~~~~~^^^^^^^^^^^^^^^^^^^^^^^^^^^^^^^^^^^^^^^^^^^^^^^^^^^^^^^^^^^^^^^^^^^^^^^^^^^^^^^^^^^^^^^^^^^^^
  File "C:\Users\mmv6285\Documents\kite-algo-trader\.venv\Lib\site-packages\kiteconnect\connect.py", line 916, in _request
    raise e
  File "C:\Users\mmv6285\Documents\kite-algo-trader\.venv\Lib\site-packages\kiteconnect\connect.py", line 904, in _request
    r = self.reqsession.request(method,
                                url,
    ...<6 lines>...
                                timeout=self.timeout,
                                proxies=self.proxies)
  File "C:\Users\mmv6285\Documents\kite-algo-trader\.venv\Lib\site-packages\requests\sessions.py", line 589, in request
    resp = self.send(prep, **send_kwargs)
  File "C:\Users\mmv6285\Documents\kite-algo-trader\.venv\Lib\site-packages\requests\sessions.py", line 703, in send
    r = adapter.send(request, **kwargs)
  File "C:\Users\mmv6285\Documents\kite-algo-trader\.venv\Lib\site-packages\requests\adapters.py", line 698, in send
    raise SSLError(e, request=request)
requests.exceptions.SSLError: HTTPSConnectionPool(host='api.kite.trade', port=443): Max retries exceeded with url: /session/token (Caused by SSLError(SSLEOFError(8, '[SSL: UNEXPECTED_EOF_WHILE_READING] EOF occurred in violation of protocol (_ssl.c:1082)')))
2026-07-26 16:58:24,196 [INFO] 127.0.0.1 - - [26/Jul/2026 16:58:24] "[35m[1mGET /?action=login&type=login&status=success&request_token=j0MdMhNiR02XVC1W9NTEWl28aYi9xJTG HTTP/1.1[0m" 500 -
2026-07-26 17:00:25,393 [INFO] Starting bot in PAPER mode
2026-07-26 17:00:25,940 [INFO] [31m[1mWARNING: This is a development server. Do not use it in a production deployment. Use a production WSGI server instead.[0m
 * Running on http://127.0.0.1:5000
2026-07-26 17:00:25,940 [INFO] [33mPress CTRL+C to quit[0m
2026-07-26 17:00:26,393 [ERROR] Exception on / [GET]
Traceback (most recent call last):
  File "C:\Users\mmv6285\Documents\kite-algo-trader\.venv\Lib\site-packages\urllib3\connectionpool.py", line 464, in _make_request
    self._validate_conn(conn)
    ~~~~~~~~~~~~~~~~~~~^^^^^^
  File "C:\Users\mmv6285\Documents\kite-algo-trader\.venv\Lib\site-packages\urllib3\connectionpool.py", line 1106, in _validate_conn
    conn.connect()
    ~~~~~~~~~~~~^^
  File "C:\Users\mmv6285\Documents\kite-algo-trader\.venv\Lib\site-packages\urllib3\connection.py", line 796, in connect
    sock_and_verified = _ssl_wrap_socket_and_match_hostname(
        sock=sock,
    ...<14 lines>...
        assert_fingerprint=self.assert_fingerprint,
    )
  File "C:\Users\mmv6285\Documents\kite-algo-trader\.venv\Lib\site-packages\urllib3\connection.py", line 975, in _ssl_wrap_socket_and_match_hostname
    ssl_sock = ssl_wrap_socket(
        sock=sock,
    ...<8 lines>...
        tls_in_tls=tls_in_tls,
    )
  File "C:\Users\mmv6285\Documents\kite-algo-trader\.venv\Lib\site-packages\urllib3\util\ssl_.py", line 433, in ssl_wrap_socket
    ssl_sock = _ssl_wrap_socket_impl(sock, context, tls_in_tls, server_hostname)
  File "C:\Users\mmv6285\Documents\kite-algo-trader\.venv\Lib\site-packages\urllib3\util\ssl_.py", line 477, in _ssl_wrap_socket_impl
    return ssl_context.wrap_socket(sock, server_hostname=server_hostname)
           ~~~~~~~~~~~~~~~~~~~~~~~^^^^^^^^^^^^^^^^^^^^^^^^^^^^^^^^^^^^^^^
  File "C:\Users\mmv6285\AppData\Roaming\uv\python\cpython-3.14-windows-x86_64-none\Lib\ssl.py", line 455, in wrap_socket
    return self.sslsocket_class._create(
           ~~~~~~~~~~~~~~~~~~~~~~~~~~~~^
        sock=sock,
        ^^^^^^^^^^
    ...<5 lines>...
        session=session
        ^^^^^^^^^^^^^^^
    )
    ^
  File "C:\Users\mmv6285\AppData\Roaming\uv\python\cpython-3.14-windows-x86_64-none\Lib\ssl.py", line 1076, in _create
    self.do_handshake()
    ~~~~~~~~~~~~~~~~~^^
  File "C:\Users\mmv6285\AppData\Roaming\uv\python\cpython-3.14-windows-x86_64-none\Lib\ssl.py", line 1372, in do_handshake
    self._sslobj.do_handshake()
    ~~~~~~~~~~~~~~~~~~~~~~~~~^^
ssl.SSLZeroReturnError: TLS/SSL connection has been closed (EOF) (_ssl.c:1082)

During handling of the above exception, another exception occurred:

Traceback (most recent call last):
  File "C:\Users\mmv6285\Documents\kite-algo-trader\.venv\Lib\site-packages\urllib3\connectionpool.py", line 788, in urlopen
    response = self._make_request(
        conn,
    ...<10 lines>...
        **response_kw,
    )
  File "C:\Users\mmv6285\Documents\kite-algo-trader\.venv\Lib\site-packages\urllib3\connectionpool.py", line 488, in _make_request
    raise new_e
urllib3.exceptions.SSLError: TLS/SSL connection has been closed (EOF) (_ssl.c:1082)

The above exception was the direct cause of the following exception:

Traceback (most recent call last):
  File "C:\Users\mmv6285\Documents\kite-algo-trader\.venv\Lib\site-packages\requests\adapters.py", line 667, in send
    resp = conn.urlopen(
        method=request.method,
    ...<9 lines>...
        chunked=chunked,
    )
  File "C:\Users\mmv6285\Documents\kite-algo-trader\.venv\Lib\site-packages\urllib3\connectionpool.py", line 842, in urlopen
    retries = retries.increment(
        method, url, error=new_e, _pool=self, _stacktrace=sys.exc_info()[2]
    )
  File "C:\Users\mmv6285\Documents\kite-algo-trader\.venv\Lib\site-packages\urllib3\util\retry.py", line 543, in increment
    raise MaxRetryError(_pool, url, reason) from reason  # type: ignore[arg-type]
    ^^^^^^^^^^^^^^^^^^^^^^^^^^^^^^^^^^^^^^^^^^^^^^^^^^^
urllib3.exceptions.MaxRetryError: HTTPSConnectionPool(host='api.kite.trade', port=443): Max retries exceeded with url: /session/token (Caused by SSLError(SSLZeroReturnError(6, 'TLS/SSL connection has been closed (EOF) (_ssl.c:1082)')))

During handling of the above exception, another exception occurred:

Traceback (most recent call last):
  File "C:\Users\mmv6285\Documents\kite-algo-trader\.venv\Lib\site-packages\flask\app.py", line 1473, in wsgi_app
    response = self.full_dispatch_request()
  File "C:\Users\mmv6285\Documents\kite-algo-trader\.venv\Lib\site-packages\flask\app.py", line 882, in full_dispatch_request
    rv = self.handle_user_exception(e)
  File "C:\Users\mmv6285\Documents\kite-algo-trader\.venv\Lib\site-packages\flask\app.py", line 880, in full_dispatch_request
    rv = self.dispatch_request()
  File "C:\Users\mmv6285\Documents\kite-algo-trader\.venv\Lib\site-packages\flask\app.py", line 865, in dispatch_request
    return self.ensure_sync(self.view_functions[rule.endpoint])(**view_args)  # type: ignore[no-any-return]
           ~~~~~~~~~~~~~~~~~~~~~~~~~~~~~~~~~~~~~~~~~~~~~~~~~~~~^^^^^^^^^^^^^
  File "C:\Users\mmv6285\Documents\kite-algo-trader\auth.py", line 70, in _callback
    data = kite.generate_session(request_token, api_secret=API_SECRET)
  File "C:\Users\mmv6285\Documents\kite-algo-trader\.venv\Lib\site-packages\kiteconnect\connect.py", line 263, in generate_session
    resp = self._post("api.token", params={
        "api_key": self.api_key,
        "request_token": request_token,
        "checksum": checksum
    })
  File "C:\Users\mmv6285\Documents\kite-algo-trader\.venv\Lib\site-packages\kiteconnect\connect.py", line 865, in _post
    return self._request(route, "POST", url_args=url_args, params=params, is_json=is_json, query_params=query_params)
           ~~~~~~~~~~~~~^^^^^^^^^^^^^^^^^^^^^^^^^^^^^^^^^^^^^^^^^^^^^^^^^^^^^^^^^^^^^^^^^^^^^^^^^^^^^^^^^^^^^^^^^^^^^
  File "C:\Users\mmv6285\Documents\kite-algo-trader\.venv\Lib\site-packages\kiteconnect\connect.py", line 916, in _request
    raise e
  File "C:\Users\mmv6285\Documents\kite-algo-trader\.venv\Lib\site-packages\kiteconnect\connect.py", line 904, in _request
    r = self.reqsession.request(method,
                                url,
    ...<6 lines>...
                                timeout=self.timeout,
                                proxies=self.proxies)
  File "C:\Users\mmv6285\Documents\kite-algo-trader\.venv\Lib\site-packages\requests\sessions.py", line 589, in request
    resp = self.send(prep, **send_kwargs)
  File "C:\Users\mmv6285\Documents\kite-algo-trader\.venv\Lib\site-packages\requests\sessions.py", line 703, in send
    r = adapter.send(request, **kwargs)
  File "C:\Users\mmv6285\Documents\kite-algo-trader\.venv\Lib\site-packages\requests\adapters.py", line 698, in send
    raise SSLError(e, request=request)
requests.exceptions.SSLError: HTTPSConnectionPool(host='api.kite.trade', port=443): Max retries exceeded with url: /session/token (Caused by SSLError(SSLZeroReturnError(6, 'TLS/SSL connection has been closed (EOF) (_ssl.c:1082)')))
2026-07-26 17:00:26,422 [INFO] 127.0.0.1 - - [26/Jul/2026 17:00:26] "[35m[1mGET /?type=login&status=success&request_token=ak4l1QhrPmbBBbRk2R8jH03bC7kdLPbq&action=login HTTP/1.1[0m" 500 -
2026-07-26 17:02:16,639 [INFO] Starting bot in PAPER mode
2026-07-26 17:02:17,217 [INFO] [31m[1mWARNING: This is a development server. Do not use it in a production deployment. Use a production WSGI server instead.[0m
 * Running on http://127.0.0.1:5000
2026-07-26 17:02:17,217 [INFO] [33mPress CTRL+C to quit[0m
2026-07-26 17:02:18,129 [ERROR] Exception on / [GET]
Traceback (most recent call last):
  File "C:\Users\mmv6285\Documents\kite-algo-trader\.venv\Lib\site-packages\urllib3\connectionpool.py", line 464, in _make_request
    self._validate_conn(conn)
    ~~~~~~~~~~~~~~~~~~~^^^^^^
  File "C:\Users\mmv6285\Documents\kite-algo-trader\.venv\Lib\site-packages\urllib3\connectionpool.py", line 1106, in _validate_conn
    conn.connect()
    ~~~~~~~~~~~~^^
  File "C:\Users\mmv6285\Documents\kite-algo-trader\.venv\Lib\site-packages\urllib3\connection.py", line 796, in connect
    sock_and_verified = _ssl_wrap_socket_and_match_hostname(
        sock=sock,
    ...<14 lines>...
        assert_fingerprint=self.assert_fingerprint,
    )
  File "C:\Users\mmv6285\Documents\kite-algo-trader\.venv\Lib\site-packages\urllib3\connection.py", line 975, in _ssl_wrap_socket_and_match_hostname
    ssl_sock = ssl_wrap_socket(
        sock=sock,
    ...<8 lines>...
        tls_in_tls=tls_in_tls,
    )
  File "C:\Users\mmv6285\Documents\kite-algo-trader\.venv\Lib\site-packages\urllib3\util\ssl_.py", line 433, in ssl_wrap_socket
    ssl_sock = _ssl_wrap_socket_impl(sock, context, tls_in_tls, server_hostname)
  File "C:\Users\mmv6285\Documents\kite-algo-trader\.venv\Lib\site-packages\urllib3\util\ssl_.py", line 477, in _ssl_wrap_socket_impl
    return ssl_context.wrap_socket(sock, server_hostname=server_hostname)
           ~~~~~~~~~~~~~~~~~~~~~~~^^^^^^^^^^^^^^^^^^^^^^^^^^^^^^^^^^^^^^^
  File "C:\Users\mmv6285\AppData\Roaming\uv\python\cpython-3.14-windows-x86_64-none\Lib\ssl.py", line 455, in wrap_socket
    return self.sslsocket_class._create(
           ~~~~~~~~~~~~~~~~~~~~~~~~~~~~^
        sock=sock,
        ^^^^^^^^^^
    ...<5 lines>...
        session=session
        ^^^^^^^^^^^^^^^
    )
    ^
  File "C:\Users\mmv6285\AppData\Roaming\uv\python\cpython-3.14-windows-x86_64-none\Lib\ssl.py", line 1076, in _create
    self.do_handshake()
    ~~~~~~~~~~~~~~~~~^^
  File "C:\Users\mmv6285\AppData\Roaming\uv\python\cpython-3.14-windows-x86_64-none\Lib\ssl.py", line 1372, in do_handshake
    self._sslobj.do_handshake()
    ~~~~~~~~~~~~~~~~~~~~~~~~~^^
ssl.SSLZeroReturnError: TLS/SSL connection has been closed (EOF) (_ssl.c:1082)

During handling of the above exception, another exception occurred:

Traceback (most recent call last):
  File "C:\Users\mmv6285\Documents\kite-algo-trader\.venv\Lib\site-packages\urllib3\connectionpool.py", line 788, in urlopen
    response = self._make_request(
        conn,
    ...<10 lines>...
        **response_kw,
    )
  File "C:\Users\mmv6285\Documents\kite-algo-trader\.venv\Lib\site-packages\urllib3\connectionpool.py", line 488, in _make_request
    raise new_e
urllib3.exceptions.SSLError: TLS/SSL connection has been closed (EOF) (_ssl.c:1082)

The above exception was the direct cause of the following exception:

Traceback (most recent call last):
  File "C:\Users\mmv6285\Documents\kite-algo-trader\.venv\Lib\site-packages\requests\adapters.py", line 667, in send
    resp = conn.urlopen(
        method=request.method,
    ...<9 lines>...
        chunked=chunked,
    )
  File "C:\Users\mmv6285\Documents\kite-algo-trader\.venv\Lib\site-packages\urllib3\connectionpool.py", line 842, in urlopen
    retries = retries.increment(
        method, url, error=new_e, _pool=self, _stacktrace=sys.exc_info()[2]
    )
  File "C:\Users\mmv6285\Documents\kite-algo-trader\.venv\Lib\site-packages\urllib3\util\retry.py", line 543, in increment
    raise MaxRetryError(_pool, url, reason) from reason  # type: ignore[arg-type]
    ^^^^^^^^^^^^^^^^^^^^^^^^^^^^^^^^^^^^^^^^^^^^^^^^^^^
urllib3.exceptions.MaxRetryError: HTTPSConnectionPool(host='api.kite.trade', port=443): Max retries exceeded with url: /session/token (Caused by SSLError(SSLZeroReturnError(6, 'TLS/SSL connection has been closed (EOF) (_ssl.c:1082)')))

During handling of the above exception, another exception occurred:

Traceback (most recent call last):
  File "C:\Users\mmv6285\Documents\kite-algo-trader\.venv\Lib\site-packages\flask\app.py", line 1473, in wsgi_app
    response = self.full_dispatch_request()
  File "C:\Users\mmv6285\Documents\kite-algo-trader\.venv\Lib\site-packages\flask\app.py", line 882, in full_dispatch_request
    rv = self.handle_user_exception(e)
  File "C:\Users\mmv6285\Documents\kite-algo-trader\.venv\Lib\site-packages\flask\app.py", line 880, in full_dispatch_request
    rv = self.dispatch_request()
  File "C:\Users\mmv6285\Documents\kite-algo-trader\.venv\Lib\site-packages\flask\app.py", line 865, in dispatch_request
    return self.ensure_sync(self.view_functions[rule.endpoint])(**view_args)  # type: ignore[no-any-return]
           ~~~~~~~~~~~~~~~~~~~~~~~~~~~~~~~~~~~~~~~~~~~~~~~~~~~~^^^^^^^^^^^^^
  File "C:\Users\mmv6285\Documents\kite-algo-trader\auth.py", line 70, in _callback
    print("3. After login, your browser will try to redirect to")
           ^^^^^^^^^^^^^^^^^^^^^^^^^^^^^^^^^^^^^^^^^^^^^^^^^^^^^^
  File "C:\Users\mmv6285\Documents\kite-algo-trader\.venv\Lib\site-packages\kiteconnect\connect.py", line 263, in generate_session
    resp = self._post("api.token", params={
        "api_key": self.api_key,
        "request_token": request_token,
        "checksum": checksum
    })
  File "C:\Users\mmv6285\Documents\kite-algo-trader\.venv\Lib\site-packages\kiteconnect\connect.py", line 865, in _post
    return self._request(route, "POST", url_args=url_args, params=params, is_json=is_json, query_params=query_params)
           ~~~~~~~~~~~~~^^^^^^^^^^^^^^^^^^^^^^^^^^^^^^^^^^^^^^^^^^^^^^^^^^^^^^^^^^^^^^^^^^^^^^^^^^^^^^^^^^^^^^^^^^^^^
  File "C:\Users\mmv6285\Documents\kite-algo-trader\.venv\Lib\site-packages\kiteconnect\connect.py", line 916, in _request
    raise e
  File "C:\Users\mmv6285\Documents\kite-algo-trader\.venv\Lib\site-packages\kiteconnect\connect.py", line 904, in _request
    r = self.reqsession.request(method,
                                url,
    ...<6 lines>...
                                timeout=self.timeout,
                                proxies=self.proxies)
  File "C:\Users\mmv6285\Documents\kite-algo-trader\.venv\Lib\site-packages\requests\sessions.py", line 589, in request
    resp = self.send(prep, **send_kwargs)
  File "C:\Users\mmv6285\Documents\kite-algo-trader\.venv\Lib\site-packages\requests\sessions.py", line 703, in send
    r = adapter.send(request, **kwargs)
  File "C:\Users\mmv6285\Documents\kite-algo-trader\.venv\Lib\site-packages\requests\adapters.py", line 698, in send
    raise SSLError(e, request=request)
requests.exceptions.SSLError: HTTPSConnectionPool(host='api.kite.trade', port=443): Max retries exceeded with url: /session/token (Caused by SSLError(SSLZeroReturnError(6, 'TLS/SSL connection has been closed (EOF) (_ssl.c:1082)')))
2026-07-26 17:02:18,143 [INFO] 127.0.0.1 - - [26/Jul/2026 17:02:18] "[35m[1mGET /?action=login&type=login&status=success&request_token=gB1c2OD98Adce6iAvf4bSiwTtyrsQbxj HTTP/1.1[0m" 500 -
2026-07-26 17:02:48,073 [ERROR] Exception on / [GET]
Traceback (most recent call last):
  File "C:\Users\mmv6285\Documents\kite-algo-trader\.venv\Lib\site-packages\urllib3\connectionpool.py", line 464, in _make_request
    self._validate_conn(conn)
    ~~~~~~~~~~~~~~~~~~~^^^^^^
  File "C:\Users\mmv6285\Documents\kite-algo-trader\.venv\Lib\site-packages\urllib3\connectionpool.py", line 1106, in _validate_conn
    conn.connect()
    ~~~~~~~~~~~~^^
  File "C:\Users\mmv6285\Documents\kite-algo-trader\.venv\Lib\site-packages\urllib3\connection.py", line 796, in connect
    sock_and_verified = _ssl_wrap_socket_and_match_hostname(
        sock=sock,
    ...<14 lines>...
        assert_fingerprint=self.assert_fingerprint,
    )
  File "C:\Users\mmv6285\Documents\kite-algo-trader\.venv\Lib\site-packages\urllib3\connection.py", line 975, in _ssl_wrap_socket_and_match_hostname
    ssl_sock = ssl_wrap_socket(
        sock=sock,
    ...<8 lines>...
        tls_in_tls=tls_in_tls,
    )
  File "C:\Users\mmv6285\Documents\kite-algo-trader\.venv\Lib\site-packages\urllib3\util\ssl_.py", line 433, in ssl_wrap_socket
    ssl_sock = _ssl_wrap_socket_impl(sock, context, tls_in_tls, server_hostname)
  File "C:\Users\mmv6285\Documents\kite-algo-trader\.venv\Lib\site-packages\urllib3\util\ssl_.py", line 477, in _ssl_wrap_socket_impl
    return ssl_context.wrap_socket(sock, server_hostname=server_hostname)
           ~~~~~~~~~~~~~~~~~~~~~~~^^^^^^^^^^^^^^^^^^^^^^^^^^^^^^^^^^^^^^^
  File "C:\Users\mmv6285\AppData\Roaming\uv\python\cpython-3.14-windows-x86_64-none\Lib\ssl.py", line 455, in wrap_socket
    return self.sslsocket_class._create(
           ~~~~~~~~~~~~~~~~~~~~~~~~~~~~^
        sock=sock,
        ^^^^^^^^^^
    ...<5 lines>...
        session=session
        ^^^^^^^^^^^^^^^
    )
    ^
  File "C:\Users\mmv6285\AppData\Roaming\uv\python\cpython-3.14-windows-x86_64-none\Lib\ssl.py", line 1076, in _create
    self.do_handshake()
    ~~~~~~~~~~~~~~~~~^^
  File "C:\Users\mmv6285\AppData\Roaming\uv\python\cpython-3.14-windows-x86_64-none\Lib\ssl.py", line 1372, in do_handshake
    self._sslobj.do_handshake()
    ~~~~~~~~~~~~~~~~~~~~~~~~~^^
ssl.SSLZeroReturnError: TLS/SSL connection has been closed (EOF) (_ssl.c:1082)

During handling of the above exception, another exception occurred:

Traceback (most recent call last):
  File "C:\Users\mmv6285\Documents\kite-algo-trader\.venv\Lib\site-packages\urllib3\connectionpool.py", line 788, in urlopen
    response = self._make_request(
        conn,
    ...<10 lines>...
        **response_kw,
    )
  File "C:\Users\mmv6285\Documents\kite-algo-trader\.venv\Lib\site-packages\urllib3\connectionpool.py", line 488, in _make_request
    raise new_e
urllib3.exceptions.SSLError: TLS/SSL connection has been closed (EOF) (_ssl.c:1082)

The above exception was the direct cause of the following exception:

Traceback (most recent call last):
  File "C:\Users\mmv6285\Documents\kite-algo-trader\.venv\Lib\site-packages\requests\adapters.py", line 667, in send
    resp = conn.urlopen(
        method=request.method,
    ...<9 lines>...
        chunked=chunked,
    )
  File "C:\Users\mmv6285\Documents\kite-algo-trader\.venv\Lib\site-packages\urllib3\connectionpool.py", line 842, in urlopen
    retries = retries.increment(
        method, url, error=new_e, _pool=self, _stacktrace=sys.exc_info()[2]
    )
  File "C:\Users\mmv6285\Documents\kite-algo-trader\.venv\Lib\site-packages\urllib3\util\retry.py", line 543, in increment
    raise MaxRetryError(_pool, url, reason) from reason  # type: ignore[arg-type]
    ^^^^^^^^^^^^^^^^^^^^^^^^^^^^^^^^^^^^^^^^^^^^^^^^^^^
urllib3.exceptions.MaxRetryError: HTTPSConnectionPool(host='api.kite.trade', port=443): Max retries exceeded with url: /session/token (Caused by SSLError(SSLZeroReturnError(6, 'TLS/SSL connection has been closed (EOF) (_ssl.c:1082)')))

During handling of the above exception, another exception occurred:

Traceback (most recent call last):
  File "C:\Users\mmv6285\Documents\kite-algo-trader\.venv\Lib\site-packages\flask\app.py", line 1473, in wsgi_app
    response = self.full_dispatch_request()
  File "C:\Users\mmv6285\Documents\kite-algo-trader\.venv\Lib\site-packages\flask\app.py", line 882, in full_dispatch_request
    rv = self.handle_user_exception(e)
  File "C:\Users\mmv6285\Documents\kite-algo-trader\.venv\Lib\site-packages\flask\app.py", line 880, in full_dispatch_request
    rv = self.dispatch_request()
  File "C:\Users\mmv6285\Documents\kite-algo-trader\.venv\Lib\site-packages\flask\app.py", line 865, in dispatch_request
    return self.ensure_sync(self.view_functions[rule.endpoint])(**view_args)  # type: ignore[no-any-return]
           ~~~~~~~~~~~~~~~~~~~~~~~~~~~~~~~~~~~~~~~~~~~~~~~~~~~~^^^^^^^^^^^^^
  File "C:\Users\mmv6285\Documents\kite-algo-trader\auth.py", line 70, in _callback
    print("3. After login, your browser will try to redirect to")
           ^^^^^^^^^^^^^^^^^^^^^^^^^^^^^^^^^^^^^^^^^^^^^^^^^^^^^^
  File "C:\Users\mmv6285\Documents\kite-algo-trader\.venv\Lib\site-packages\kiteconnect\connect.py", line 263, in generate_session
    resp = self._post("api.token", params={
        "api_key": self.api_key,
        "request_token": request_token,
        "checksum": checksum
    })
  File "C:\Users\mmv6285\Documents\kite-algo-trader\.venv\Lib\site-packages\kiteconnect\connect.py", line 865, in _post
    return self._request(route, "POST", url_args=url_args, params=params, is_json=is_json, query_params=query_params)
           ~~~~~~~~~~~~~^^^^^^^^^^^^^^^^^^^^^^^^^^^^^^^^^^^^^^^^^^^^^^^^^^^^^^^^^^^^^^^^^^^^^^^^^^^^^^^^^^^^^^^^^^^^^
  File "C:\Users\mmv6285\Documents\kite-algo-trader\.venv\Lib\site-packages\kiteconnect\connect.py", line 916, in _request
    raise e
  File "C:\Users\mmv6285\Documents\kite-algo-trader\.venv\Lib\site-packages\kiteconnect\connect.py", line 904, in _request
    r = self.reqsession.request(method,
                                url,
    ...<6 lines>...
                                timeout=self.timeout,
                                proxies=self.proxies)
  File "C:\Users\mmv6285\Documents\kite-algo-trader\.venv\Lib\site-packages\requests\sessions.py", line 589, in request
    resp = self.send(prep, **send_kwargs)
  File "C:\Users\mmv6285\Documents\kite-algo-trader\.venv\Lib\site-packages\requests\sessions.py", line 703, in send
    r = adapter.send(request, **kwargs)
  File "C:\Users\mmv6285\Documents\kite-algo-trader\.venv\Lib\site-packages\requests\adapters.py", line 698, in send
    raise SSLError(e, request=request)
requests.exceptions.SSLError: HTTPSConnectionPool(host='api.kite.trade', port=443): Max retries exceeded with url: /session/token (Caused by SSLError(SSLZeroReturnError(6, 'TLS/SSL connection has been closed (EOF) (_ssl.c:1082)')))
2026-07-26 17:02:48,087 [INFO] 127.0.0.1 - - [26/Jul/2026 17:02:48] "[35m[1mGET /?status=success&request_token=0sHouvYiZVkR6FzqnLL5vGW1P0shecxi&action=login&type=login HTTP/1.1[0m" 500 -
